Starting project at C:\To-do
Metro is running in CI mode, reloads are disabled. Remove CI=true to enable watch mode.
Starting Metro Bundler

Waiting on http://localhost:8090

Logs for your project will appear below.
Web Bundled 3501ms node_modules\expo-router\entry.js (1346 modules)
Web Bundled 187ms node_modules\expo-router\entry.js (1 module)
Web  INFO  %cDownload the React DevTools for a better development experience: https://react.dev/link/react-devtools font-weight:bold
Web  LOG  Running application "main" with appParams:
 {"hydrate": undefined, "rootTag": "#root"} 
Development-level warnings: ON.
Performance optimizations: OFF.
Web  ERROR  State loaded from storage couldn't be migrated since no migrate function was provided 

Code: setupHMR.ts
[0m [90m 79 |[39m [36mfunction[39m captureCurrentStack() {
 [90m 80 |[39m   [90m// If you're reading this, look deeper into the call stack to find the actual error source.[39m
[31m[1m>[22m[39m[90m 81 |[39m   [36mreturn[39m [36mnew[39m [33mNamelessError[39m()[33m.[39mstack[33m;[39m
 [90m    |[39m          [31m[1m^[22m[39m
 [90m 82 |[39m }
 [90m 83 |[39m[0m
Call Stack
  captureCurrentStack (node_modules\expo\src\async-require\setupHMR.ts:81:10)
  addErrorStacks (node_modules\expo\src\async-require\setupHMR.ts:59:19)
  console.level (node_modules\expo\src\async-require\setupHMR.ts:22:48)
  consoleErrorMiddleware (node_modules\@expo\log-box\src\LogBox.ts:101:23)
  console.error (node_modules\@expo\log-box\src\LogBox.ts:33:25)
  toThenable.then$argument_0 (node_modules\zustand\esm\middleware.mjs:403:19)
Web Bundled 155ms node_modules\expo-router\entry.js (1 module)
Web  INFO  %cDownload the React DevTools for a better development experience: https://react.dev/link/react-devtools font-weight:bold
Web  LOG  Running application "main" with appParams:
 {"hydrate": undefined, "rootTag": "#root"} 
Development-level warnings: ON.
Performance optimizations: OFF.
Web Bundled 356ms node_modules\expo-router\entry.js (1 module)
Web  INFO  %cDownload the React DevTools for a better development experience: https://react.dev/link/react-devtools font-weight:bold
Web  LOG  Running application "main" with appParams:
 {"hydrate": undefined, "rootTag": "#root"} 
Development-level warnings: ON.
Performance optimizations: OFF.
Web  ERROR  State loaded from storage couldn't be migrated since no migrate function was provided 

Code: setupHMR.ts
[0m [90m 79 |[39m [36mfunction[39m captureCurrentStack() {
 [90m 80 |[39m   [90m// If you're reading this, look deeper into the call stack to find the actual error source.[39m
[31m[1m>[22m[39m[90m 81 |[39m   [36mreturn[39m [36mnew[39m [33mNamelessError[39m()[33m.[39mstack[33m;[39m
 [90m    |[39m          [31m[1m^[22m[39m
 [90m 82 |[39m }
 [90m 83 |[39m[0m
Call Stack
  captureCurrentStack (node_modules\expo\src\async-require\setupHMR.ts:81:10)
  addErrorStacks (node_modules\expo\src\async-require\setupHMR.ts:59:19)
  console.level (node_modules\expo\src\async-require\setupHMR.ts:22:48)
  consoleErrorMiddleware (node_modules\@expo\log-box\src\LogBox.ts:101:23)
  console.error (node_modules\@expo\log-box\src\LogBox.ts:33:25)
  toThenable.then$argument_0 (node_modules\zustand\esm\middleware.mjs:403:19)
Web Bundled 143ms node_modules\expo-router\entry.js (1 module)
Web  INFO  %cDownload the React DevTools for a better development experience: https://react.dev/link/react-devtools font-weight:bold
Web  LOG  Running application "main" with appParams:
 {"hydrate": undefined, "rootTag": "#root"} 
Development-level warnings: ON.
Performance optimizations: OFF.
Web Bundled 206ms node_modules\expo-router\entry.js (1 module)
Web  INFO  %cDownload the React DevTools for a better development experience: https://react.dev/link/react-devtools font-weight:bold
Web  LOG  Running application "main" with appParams:
 {"hydrate": undefined, "rootTag": "#root"} 
Development-level warnings: ON.
Performance optimizations: OFF.
Web  ERROR  State loaded from storage couldn't be migrated since no migrate function was provided 

Code: setupHMR.ts
[0m [90m 79 |[39m [36mfunction[39m captureCurrentStack() {
 [90m 80 |[39m   [90m// If you're reading this, look deeper into the call stack to find the actual error source.[39m
[31m[1m>[22m[39m[90m 81 |[39m   [36mreturn[39m [36mnew[39m [33mNamelessError[39m()[33m.[39mstack[33m;[39m
 [90m    |[39m          [31m[1m^[22m[39m
 [90m 82 |[39m }
 [90m 83 |[39m[0m
Call Stack
  captureCurrentStack (node_modules\expo\src\async-require\setupHMR.ts:81:10)
  addErrorStacks (node_modules\expo\src\async-require\setupHMR.ts:59:19)
  console.level (node_modules\expo\src\async-require\setupHMR.ts:22:48)
  consoleErrorMiddleware (node_modules\@expo\log-box\src\LogBox.ts:101:23)
  console.error (node_modules\@expo\log-box\src\LogBox.ts:33:25)
  toThenable.then$argument_0 (node_modules\zustand\esm\middleware.mjs:403:19)
Web Bundled 100ms node_modules\expo-router\entry.js (1 module)
Web  INFO  %cDownload the React DevTools for a better development experience: https://react.dev/link/react-devtools font-weight:bold
Web  LOG  Running application "main" with appParams:
 {"hydrate": undefined, "rootTag": "#root"} 
Development-level warnings: ON.
Performance optimizations: OFF.
Web Bundled 122ms node_modules\expo-router\entry.js (1 module)
Web  INFO  %cDownload the React DevTools for a better development experience: https://react.dev/link/react-devtools font-weight:bold
Web  LOG  Running application "main" with appParams:
 {"hydrate": undefined, "rootTag": "#root"} 
Development-level warnings: ON.
Performance optimizations: OFF.
Web Bundled 146ms node_modules\expo-router\entry.js (1 module)
Web  INFO  %cDownload the React DevTools for a better development experience: https://react.dev/link/react-devtools font-weight:bold
Web  LOG  Running application "main" with appParams:
 {"hydrate": undefined, "rootTag": "#root"} 
Development-level warnings: ON.
Performance optimizations: OFF.
Web Bundled 87ms node_modules\expo-router\entry.js (1 module)
Web  INFO  %cDownload the React DevTools for a better development experience: https://react.dev/link/react-devtools font-weight:bold
Web  LOG  Running application "main" with appParams:
 {"hydrate": undefined, "rootTag": "#root"} 
Development-level warnings: ON.
Performance optimizations: OFF.
Web Bundled 352ms node_modules\expo-router\entry.js (1 module)
Web  INFO  %cDownload the React DevTools for a better development experience: https://react.dev/link/react-devtools font-weight:bold
Web  LOG  Running application "main" with appParams:
 {"hydrate": undefined, "rootTag": "#root"} 
Development-level warnings: ON.
Performance optimizations: OFF.
Web Bundled 191ms node_modules\expo-router\entry.js (1 module)
Web  INFO  %cDownload the React DevTools for a better development experience: https://react.dev/link/react-devtools font-weight:bold
Web  LOG  Running application "main" with appParams:
 {"hydrate": undefined, "rootTag": "#root"} 
Development-level warnings: ON.
Performance optimizations: OFF.
Web  ERROR  State loaded from storage couldn't be migrated since no migrate function was provided 

Code: setupHMR.ts
[0m [90m 79 |[39m [36mfunction[39m captureCurrentStack() {
 [90m 80 |[39m   [90m// If you're reading this, look deeper into the call stack to find the actual error source.[39m
[31m[1m>[22m[39m[90m 81 |[39m   [36mreturn[39m [36mnew[39m [33mNamelessError[39m()[33m.[39mstack[33m;[39m
 [90m    |[39m          [31m[1m^[22m[39m
 [90m 82 |[39m }
 [90m 83 |[39m[0m
Call Stack
  captureCurrentStack (node_modules\expo\src\async-require\setupHMR.ts:81:10)
  addErrorStacks (node_modules\expo\src\async-require\setupHMR.ts:59:19)
  console.level (node_modules\expo\src\async-require\setupHMR.ts:22:48)
  consoleErrorMiddleware (node_modules\@expo\log-box\src\LogBox.ts:101:23)
  console.error (node_modules\@expo\log-box\src\LogBox.ts:33:25)
  toThenable.then$argument_0 (node_modules\zustand\esm\middleware.mjs:403:19)
Web Bundled 282ms node_modules\expo-router\entry.js (1 module)
Web  INFO  %cDownload the React DevTools for a better development experience: https://react.dev/link/react-devtools font-weight:bold
Web  LOG  Running application "main" with appParams:
 {"hydrate": undefined, "rootTag": "#root"} 
Development-level warnings: ON.
Performance optimizations: OFF.
Web Bundled 203ms node_modules\expo-router\entry.js (1 module)
Web  INFO  %cDownload the React DevTools for a better development experience: https://react.dev/link/react-devtools font-weight:bold
Web  LOG  Running application "main" with appParams:
 {"hydrate": undefined, "rootTag": "#root"} 
Development-level warnings: ON.
Performance optimizations: OFF.
Web  ERROR  State loaded from storage couldn't be migrated since no migrate function was provided 

Code: setupHMR.ts
[0m [90m 79 |[39m [36mfunction[39m captureCurrentStack() {
 [90m 80 |[39m   [90m// If you're reading this, look deeper into the call stack to find the actual error source.[39m
[31m[1m>[22m[39m[90m 81 |[39m   [36mreturn[39m [36mnew[39m [33mNamelessError[39m()[33m.[39mstack[33m;[39m
 [90m    |[39m          [31m[1m^[22m[39m
 [90m 82 |[39m }
 [90m 83 |[39m[0m
Call Stack
  captureCurrentStack (node_modules\expo\src\async-require\setupHMR.ts:81:10)
  addErrorStacks (node_modules\expo\src\async-require\setupHMR.ts:59:19)
  console.level (node_modules\expo\src\async-require\setupHMR.ts:22:48)
  consoleErrorMiddleware (node_modules\@expo\log-box\src\LogBox.ts:101:23)
  console.error (node_modules\@expo\log-box\src\LogBox.ts:33:25)
  toThenable.then$argument_0 (node_modules\zustand\esm\middleware.mjs:403:19)
